// Jest Snapshot v1, https://goo.gl/fbAQLP

exports[`AGITokens renders as expected 1`] = `
<span>
  0.00000001
   AGI
</span>
`;
